<?xml version="1.0" encoding="utf-8"?><testsuites name="pytest tests"><testsuite name="pytest" errors="0" failures="0" skipped="0" tests="43" time="20.748" timestamp="2026-03-19T21:37:39.540817+00:00" hostname="ip-10-192-11-241"><testcase classname="tests.test_attention" name="test_flash_forward_pass_pytorch" time="0.021" /><testcase classname="tests.test_attention" name="test_flash_forward_pass_triton[False]" time="1.620" /><testcase classname="tests.test_attention" name="test_flash_forward_pass_triton[True]" time="0.033" /><testcase classname="tests.test_attention" name="test_flash_backward_pytorch" time="0.400" /><testcase classname="tests.test_attention" name="test_flash_backward_triton[False]" time="0.027" /><testcase classname="tests.test_attention" name="test_flash_backward_triton[True]" time="0.009" /><testcase classname="tests.test_flash_attention.TestFlashAttentionForward" name="test_forward_correctness[1-128-128-triton]" time="0.005" /><testcase classname="tests.test_flash_attention.TestFlashAttentionForward" name="test_forward_correctness[1-128-128-pytorch]" time="0.041" /><testcase classname="tests.test_flash_attention.TestFlashAttentionForward" name="test_forward_correctness[2-256-128-triton]" time="0.002" /><testcase classname="tests.test_flash_attention.TestFlashAttentionForward" name="test_forward_correctness[2-256-128-pytorch]" time="0.067" /><testcase classname="tests.test_flash_attention.TestFlashAttentionForward" name="test_forward_correctness[4-512-128-triton]" time="0.003" /><testcase classname="tests.test_flash_attention.TestFlashAttentionForward" name="test_forward_correctness[4-512-128-pytorch]" time="0.270" /><testcase classname="tests.test_flash_attention.TestFlashAttentionForward" name="test_causal_attention[1-128-128-triton]" time="0.007" /><testcase classname="tests.test_flash_attention.TestFlashAttentionForward" name="test_causal_attention[1-128-128-pytorch]" time="0.023" /><testcase classname="tests.test_flash_attention.TestFlashAttentionForward" name="test_causal_attention[2-256-128-triton]" time="0.002" /><testcase classname="tests.test_flash_attention.TestFlashAttentionForward" name="test_causal_attention[2-256-128-pytorch]" time="0.057" /><testcase classname="tests.test_flash_attention.TestFlashAttentionForward" name="test_output_shape[triton]" time="0.001" /><testcase classname="tests.test_flash_attention.TestFlashAttentionForward" name="test_output_shape[pytorch]" time="0.065" /><testcase classname="tests.test_flash_attention.TestFlashAttentionBackward" name="test_backward_correctness[2-128-128-triton]" time="0.003" /><testcase classname="tests.test_flash_attention.TestFlashAttentionBackward" name="test_backward_correctness[2-128-128-pytorch]" time="0.020" /><testcase classname="tests.test_flash_attention.TestFlashAttentionBackward" name="test_backward_correctness[2-256-128-triton]" time="0.003" /><testcase classname="tests.test_flash_attention.TestFlashAttentionBackward" name="test_backward_correctness[2-256-128-pytorch]" time="0.067" /><testcase classname="tests.test_flash_attention.TestFlashAttentionBackward" name="test_backward_causal[triton]" time="0.003" /><testcase classname="tests.test_flash_attention.TestFlashAttentionBackward" name="test_backward_causal[pytorch]" time="0.017" /><testcase classname="tests.test_flash_memory" name="test_flash_attention_no_quadratic_saved_tensors" time="0.175" /><testcase classname="tests.test_flash_memory" name="test_flash_attention_expected_saved_tensors" time="0.046" /><testcase classname="tests.test_flash_memory" name="test_flash_attention_forward_memory" time="17.550" /><testcase classname="tests.test_online_softmax.TestOnlineSoftmaxForward" name="test_forward_correctness[shape0-8]" time="0.007" /><testcase classname="tests.test_online_softmax.TestOnlineSoftmaxForward" name="test_forward_correctness[shape1-16]" time="0.003" /><testcase classname="tests.test_online_softmax.TestOnlineSoftmaxForward" name="test_forward_correctness[shape2-32]" time="0.003" /><testcase classname="tests.test_online_softmax.TestOnlineSoftmaxForward" name="test_output_properties" time="0.001" /><testcase classname="tests.test_online_softmax.TestOnlineSoftmaxForward" name="test_numerical_stability" time="0.001" /><testcase classname="tests.test_online_softmax.TestOnlineSoftmaxBackward" name="test_backward_correctness[shape0-16]" time="0.002" /><testcase classname="tests.test_online_softmax.TestOnlineSoftmaxBackward" name="test_backward_correctness[shape1-32]" time="0.002" /><testcase classname="tests.test_softmax_matmul.TestFusedSoftmaxForward" name="test_correctness[shape_x0-shape_v0-16]" time="0.006" /><testcase classname="tests.test_softmax_matmul.TestFusedSoftmaxForward" name="test_correctness[shape_x1-shape_v1-16]" time="0.003" /><testcase classname="tests.test_softmax_matmul.TestFusedSoftmaxForward" name="test_correctness[shape_x2-shape_v2-32]" time="0.003" /><testcase classname="tests.test_softmax_matmul.TestFusedSoftmaxForward" name="test_output_shape" time="0.002" /><testcase classname="tests.test_softmax_matmul.TestFusedSoftmaxForward" name="test_numerical_stability" time="0.001" /><testcase classname="tests.test_softmax_matmul.TestFusedSoftmaxForward" name="test_different_d3_sizes" time="0.007" /><testcase classname="tests.test_triton_usage" name="test_triton_class_uses_triton_kernels" time="0.001" /><testcase classname="tests.test_triton_usage" name="test_triton_forward_calls_kernel" time="0.001" /><testcase classname="tests.test_triton_usage" name="test_triton_class_different_from_pytorch" time="0.002" /></testsuite></testsuites>